Using Python 3.9.7 environment at: venv
  × No solution found when resolving dependencies:
  ╰─▶ Because only the following versions of gradio are available:
          gradio<=4.0.0
          gradio==4.0.1
          gradio==4.0.2
          gradio==4.1.0
          gradio==4.1.1
          gradio==4.1.2
          gradio==4.2.0
          gradio==4.3.0
          gradio==4.4.0
          gradio==4.4.1
          gradio==4.5.0
          gradio==4.7.0
          gradio==4.7.1
          gradio==4.8.0
          gradio==4.9.0
          gradio==4.9.1
          gradio==4.10.0
          gradio==4.11.0
          gradio==4.12.0
          gradio==4.13.0
          gradio==4.14.0
          gradio==4.15.0
          gradio==4.16.0
          gradio==4.17.0
          gradio==4.18.0
          gradio==4.19.0
          gradio==4.19.1
          gradio==4.19.2
          gradio==4.20.0
          gradio==4.20.1
          gradio==4.21.0
          gradio==4.22.0
          gradio==4.23.0
          gradio==4.24.0
          gradio==4.25.0
          gradio==4.26.0
          gradio==4.27.0
          gradio==4.28.0
          gradio==4.28.1
          gradio==4.28.2
          gradio==4.28.3
          gradio==4.29.0
          gradio==4.31.0
          gradio==4.31.1
          gradio==4.31.2
          gradio==4.31.3
          gradio==4.31.4
          gradio==4.31.5
          gradio==4.32.0
          gradio==4.32.1
          gradio==4.32.2
          gradio==4.33.0
          gradio==4.35.0
          gradio==4.36.0
          gradio==4.36.1
          gradio==4.37.1
          gradio==4.37.2
          gradio==4.38.0
          gradio==4.38.1
          gradio==4.39.0
          gradio==4.40.0
          gradio==4.41.0
          gradio==4.42.0
          gradio==4.43.0
          gradio==4.44.0
          gradio==4.44.1
          gradio==5.0.0
          gradio==5.0.1
          gradio==5.0.2
          gradio==5.1.0
          gradio==5.3.0
          gradio==5.4.0
          gradio==5.5.0
          gradio==5.6.0
          gradio==5.7.0
          gradio==5.7.1
          gradio==5.8.0
          gradio==5.9.0
          gradio==5.9.1
          gradio==5.10.0
          gradio==5.11.0
          gradio==5.12.0
          gradio==5.13.0
          gradio==5.13.1
          gradio==5.13.2
          gradio==5.14.0
          gradio==5.15.0
          gradio==5.16.0
          gradio==5.16.1
          gradio==5.16.2
          gradio==5.17.0
          gradio==5.17.1
          gradio==5.18.0
          gradio==5.19.0
          gradio==5.20.0
          gradio==5.20.1
          gradio==5.21.0
          gradio==5.22.0
          gradio==5.23.0
          gradio==5.23.1
          gradio==5.23.2
          gradio==5.23.3
          gradio==5.24.0
          gradio==5.25.0
          gradio==5.25.1
          gradio==5.25.2
          gradio==5.26.0
          gradio==5.27.0
          gradio==5.27.1
          gradio==5.28.0
          gradio==5.29.0
          gradio==5.29.1
          gradio==5.30.0
          gradio==5.31.0
          gradio==5.32.0
          gradio==5.32.1
          gradio==5.33.0
          gradio==5.33.1
          gradio==5.33.2
          gradio==5.34.0
          gradio==5.34.1
          gradio==5.34.2
          gradio==5.35.0
          gradio==5.36.2
          gradio==5.37.0
          gradio==5.38.0
          gradio==5.38.1
          gradio==5.38.2
          gradio==5.39.0
          gradio==5.40.0
          gradio==5.41.0
          gradio==5.41.1
          gradio==5.42.0
          gradio==5.43.0
          gradio==5.43.1
          gradio==5.44.0
          gradio==5.44.1
          gradio==5.45.0
          gradio==5.46.0
          gradio==5.46.1
          gradio==5.47.0
          gradio==5.47.1
          gradio==5.47.2
          gradio==5.48.0
          gradio==5.49.0
          gradio==5.49.1
          gradio==5.50.0
          gradio==6.0.0
          gradio==6.0.1
          gradio==6.0.2
          gradio==6.1.0
          gradio==6.2.0
          gradio==6.3.0
          gradio==6.4.0
          gradio==6.5.0
          gradio==6.5.1
          gradio==6.6.0
          gradio==6.7.0
          gradio==6.8.0
          gradio==6.9.0
          gradio==6.10.0
          gradio==6.11.0
          gradio==6.12.0
          gradio==6.13.0
          gradio==6.14.0
      and gradio>=4.0.0,<=4.2.0 depends on websockets>=10.0,<12.0, we can
      conclude that gradio>=4.0.0,<4.3.0 depends on websockets>=10.0,<12.0.
      And because all of:
          gradio>=4.3.0,<=4.5.0
          gradio==4.7.1
      depend on gradio-client==0.7.0 and gradio==4.7.0 was yanked
      (reason: Skipped 4.6.0), we can conclude that gradio>=4.0.0,<4.8.0,
      gradio-client!=0.7.0, all of:
          websockets<10.0
          websockets>=12.0
       are incompatible.
      And because gradio-client>=0.7.0,<=1.1.1 depends on
      websockets>=10.0,<12.0 and gradio==4.8.0 depends on
      gradio-client==0.7.1, we can conclude that gradio>=4.0.0,<4.9.0,
      gradio-client!=0.7.1, all of:
          websockets<10.0
          websockets>=12.0
       are incompatible.
      And because gradio-client>=0.7.1,<=1.1.1 depends on
      websockets>=10.0,<12.0 and gradio>=4.9.1,<=4.11.0 depends on
      gradio-client==0.7.3, we can conclude that all of:
          gradio>=4.0.0,<4.9.0
          gradio>4.9.0,<4.12.0
      , gradio-client!=0.7.3, all of:
          websockets<10.0
          websockets>=12.0
       are incompatible.
      And because gradio==4.9.0 depends on gradio-client==0.7.2 and
      gradio-client>=0.7.2,<=1.1.1 depends on websockets>=10.0,<12.0, we can
      conclude that gradio>=4.0.0,<4.12.0, all versions of gradio-client,
      all of:
          websockets<10.0
          websockets>=12.0
       are incompatible.
      And because gradio>=4.12.0,<=4.14.0 depends on gradio-client==0.8.0
      and gradio-client>=0.7.3,<=1.1.1 depends on websockets>=10.0,<12.0, we
      can conclude that gradio>=4.0.0,<4.15.0, all versions of gradio-client,
      all of:
          websockets<10.0
          websockets>=12.0
       are incompatible.
      And because gradio>=4.15.0,<=4.16.0 depends on gradio-client==0.8.1
      and gradio-client>=0.8.0,<=1.1.1 depends on websockets>=10.0,<12.0, we
      can conclude that gradio>=4.0.0,<4.17.0, all versions of gradio-client,
      all of:
          websockets<10.0
          websockets>=12.0
       are incompatible.
      And because gradio-client>=0.8.1,<=1.1.1 depends on
      websockets>=10.0,<12.0 and gradio>=4.18.0,<=4.19.1 depends on
      gradio-client==0.10.0, we can conclude that all of:
          gradio>=4.0.0,<4.17.0
          gradio>4.17.0,<4.19.2
      , gradio-client!=0.10.0, all of:
          websockets<10.0
          websockets>=12.0
       are incompatible.
      And because gradio==4.17.0 depends on gradio-client==0.9.0 and
      gradio-client>=0.9.0,<=1.1.1 depends on websockets>=10.0,<12.0, we can
      conclude that gradio>=4.0.0,<4.19.2, all versions of gradio-client,
      all of:
          websockets<10.0
          websockets>=12.0
       are incompatible.
      And because gradio-client>=0.10.0,<=1.1.1 depends on
      websockets>=10.0,<12.0 and gradio>=4.20.0,<=4.20.1 depends on
      gradio-client==0.11.0, we can conclude that all of:
          gradio>=4.0.0,<4.19.2
          gradio>4.19.2,<4.21.0
      , gradio-client!=0.11.0, all of:
          websockets<10.0
          websockets>=12.0
       are incompatible.
      And because gradio==4.19.2 depends on gradio-client==0.10.1 and
      gradio-client>=0.10.1,<=1.1.1 depends on websockets>=10.0,<12.0, we
      can conclude that gradio>=4.0.0,<4.21.0, all versions of gradio-client,
      all of:
          websockets<10.0
          websockets>=12.0
       are incompatible.
      And because gradio-client>=0.11.0,<=1.1.1 depends on
      websockets>=10.0,<12.0 and gradio==4.21.0 depends on
      gradio-client==0.12.0, we can conclude that gradio>=4.0.0,<4.22.0,
      gradio-client!=0.12.0, all of:
          websockets<10.0
          websockets>=12.0
       are incompatible.
      And because gradio-client>=0.12.0,<=1.1.1 depends on
      websockets>=10.0,<12.0 and gradio>=4.23.0,<=4.24.0 depends on
      gradio-client==0.14.0, we can conclude that all of:
          gradio>=4.0.0,<4.22.0
          gradio>4.22.0,<4.25.0
      , gradio-client!=0.14.0, all of:
          websockets<10.0
          websockets>=12.0
       are incompatible.
      And because gradio==4.22.0 depends on gradio-client==0.13.0 and
      gradio-client>=0.13.0,<=1.1.1 depends on websockets>=10.0,<12.0, we
      can conclude that gradio>=4.0.0,<4.25.0, all versions of gradio-client,
      all of:
          websockets<10.0
          websockets>=12.0
       are incompatible.
      And because gradio-client>=0.14.0,<=1.1.1 depends on
      websockets>=10.0,<12.0 and gradio>=4.26.0,<=4.27.0 depends on
      gradio-client==0.15.1, we can conclude that all of:
          gradio>=4.0.0,<4.25.0
          gradio>4.25.0,<4.28.0
      , gradio-client!=0.15.1, all of:
          websockets<10.0
          websockets>=12.0
       are incompatible.
      And because gradio==4.25.0 depends on gradio-client==0.15.0 and
      gradio-client>=0.15.0,<=1.1.1 depends on websockets>=10.0,<12.0, we
      can conclude that gradio>=4.0.0,<4.28.0, all versions of gradio-client,
      all of:
          websockets<10.0
          websockets>=12.0
       are incompatible.
      And because gradio>=4.28.0,<=4.28.3 depends on gradio-client==0.16.0
      and gradio-client>=0.15.1,<=1.1.1 depends on websockets>=10.0,<12.0, we
      can conclude that gradio>=4.0.0,<4.29.0, all versions of gradio-client,
      all of:
          websockets<10.0
          websockets>=12.0
       are incompatible.
      And because gradio-client>=0.16.0,<=1.1.1 depends on
      websockets>=10.0,<12.0 and gradio==4.29.0 depends on
      gradio-client==0.16.1, we can conclude that gradio>=4.0.0,<4.31.0,
      gradio-client!=0.16.1, all of:
          websockets<10.0
          websockets>=12.0
       are incompatible.
      And because gradio-client>=0.16.1,<=1.1.1 depends on
      websockets>=10.0,<12.0 and gradio>=4.31.1,<=4.31.3 depends on
      gradio-client==0.16.3, we can conclude that all of:
          gradio>=4.0.0,<4.31.0
          gradio>4.31.0,<4.31.4
      , gradio-client!=0.16.3, all of:
          websockets<10.0
          websockets>=12.0
       are incompatible.
      And because gradio==4.31.0 depends on gradio-client==0.16.2 and
      gradio-client>=0.16.2,<=1.1.1 depends on websockets>=10.0,<12.0, we
      can conclude that gradio>=4.0.0,<4.31.4, all versions of gradio-client,
      all of:
          websockets<10.0
          websockets>=12.0
       are incompatible.
      And because gradio>=4.31.4,<=4.31.5 depends on gradio-client==0.16.4
      and gradio-client>=0.16.3,<=1.1.1 depends on websockets>=10.0,<12.0, we
      can conclude that gradio>=4.0.0,<4.32.0, all versions of gradio-client,
      all of:
          websockets<10.0
          websockets>=12.0
       are incompatible.
      And because gradio>=4.32.0,<=4.33.0 depends on gradio-client==0.17.0
      and gradio-client>=0.16.4,<=1.1.1 depends on websockets>=10.0,<12.0, we
      can conclude that gradio>=4.0.0,<4.35.0, all versions of gradio-client,
      all of:
          websockets<10.0
          websockets>=12.0
       are incompatible.
      And because gradio>=4.35.0,<=4.36.1 depends on gradio-client==1.0.1
      and gradio-client>=0.17.0,<=1.1.1 depends on websockets>=10.0,<12.0, we
      can conclude that gradio>=4.0.0,<4.37.1, all versions of gradio-client,
      all of:
          websockets<10.0
          websockets>=12.0
       are incompatible.
      And because gradio>=4.37.1,<=4.37.2 depends on gradio-client==1.0.2
      and gradio-client>=1.0.1,<=1.1.1 depends on websockets>=10.0,<12.0, we
      can conclude that gradio>=4.0.0,<4.38.0, all versions of gradio-client,
      all of:
          websockets<10.0
          websockets>=12.0
       are incompatible.
      And because gradio>=4.38.0,<=4.38.1 depends on gradio-client==1.1.0
      and gradio-client>=1.0.2,<=1.1.1 depends on websockets>=10.0,<12.0, we
      can conclude that gradio>=4.0.0,<4.39.0, all versions of gradio-client,
      all of:
          websockets<10.0
          websockets>=12.0
       are incompatible.
      And because gradio-client>=1.1.0,<=1.1.1 depends on
      websockets>=10.0,<12.0 and gradio==4.39.0 depends on
      gradio-client==1.1.1, we can conclude that gradio>=4.0.0,<4.40.0,
      gradio-client!=1.1.1, all of:
          websockets<10.0
          websockets>=12.0
       are incompatible.
      And because gradio-client==1.1.1 depends on websockets>=10.0,<12.0 and
      gradio>=4.41.0,<=4.44.1 depends on gradio-client==1.3.0, we can conclude
      that all of:
          gradio>=4.0.0,<4.40.0
          gradio>4.40.0,<5.0.0
      , gradio-client!=1.3.0, all of:
          websockets<10.0
          websockets>=12.0
       are incompatible.
      And because gradio==4.40.0 depends on gradio-client==1.2.0 and
      gradio-client>=1.2.0,<=1.3.0 depends on websockets>=10.0,<13.0, we can
      conclude that gradio>=4.0.0,<5.0.0, all versions of gradio-client, all
      of:
          websockets<10.0
          websockets>=13.0
       are incompatible. (1)

      Because only the following versions of google-genai are available:
          google-genai<=1.0.0
          google-genai==1.1.0
          google-genai==1.2.0
          google-genai==1.3.0
          google-genai==1.4.0
          google-genai==1.5.0
          google-genai==1.6.0
          google-genai==1.7.0
          google-genai==1.8.0
          google-genai==1.9.0
          google-genai==1.10.0
          google-genai==1.11.0
          google-genai==1.12.0
          google-genai==1.12.1
          google-genai==1.13.0
          google-genai==1.14.0
          google-genai==1.15.0
          google-genai==1.16.0
          google-genai==1.16.1
          google-genai==1.17.0
          google-genai==1.18.0
          google-genai==1.19.0
          google-genai==1.20.0
          google-genai==1.21.0
          google-genai==1.21.1
          google-genai==1.22.0
          google-genai==1.23.0
          google-genai==1.24.0
          google-genai==1.25.0
          google-genai==1.26.0
          google-genai==1.27.0
          google-genai==1.28.0
          google-genai==1.29.0
          google-genai==1.30.0
          google-genai==1.31.0
          google-genai==1.32.0
          google-genai==1.33.0
          google-genai==1.34.0
          google-genai==1.35.0
          google-genai==1.36.0
          google-genai==1.37.0
          google-genai==1.38.0
          google-genai==1.39.0
          google-genai==1.39.1
          google-genai==1.40.0
          google-genai==1.41.0
          google-genai==1.42.0
          google-genai==1.43.0
          google-genai==1.44.0
          google-genai==1.45.0
          google-genai==1.46.0
          google-genai==1.47.0
          google-genai==1.48.0
          google-genai==1.49.0
          google-genai==1.50.0
          google-genai==1.50.1
          google-genai==1.51.0
          google-genai==1.52.0
          google-genai==1.53.0
          google-genai==1.54.0
          google-genai==1.55.0
          google-genai==1.56.0
          google-genai==1.57.0
          google-genai==1.58.0
          google-genai==1.59.0
          google-genai==1.60.0
          google-genai==1.61.0
          google-genai==1.62.0
          google-genai==1.63.0
          google-genai==1.64.0
          google-genai==1.65.0
          google-genai==1.66.0
          google-genai==1.67.0
          google-genai==1.68.0
          google-genai==1.69.0
          google-genai==1.70.0
          google-genai==1.71.0
          google-genai==1.72.0
          google-genai==1.73.0
          google-genai==1.73.1
          google-genai==1.74.0
          google-genai==1.75.0
          google-genai==2.0.0
          google-genai==2.0.1
      and google-genai>=1.0.0,<=1.5.0 depends on websockets>=13.0,<15.0.dev0,
      we can conclude that google-genai>=1.0.0,<1.6.0 depends on
      websockets>=13.0,<15.0.dev0.
      And because google-genai==1.6.0 was yanked, we can conclude that
      google-genai>=1.0.0,<1.7.0 depends on websockets>=13.0,<15.0.dev0.
      And because all of:
          google-genai>=1.7.0,<=1.11.0
          google-genai>=1.12.1,<=1.15.0
          google-genai>=1.16.1,<=1.47.0
      depend on websockets>=13.0.0,<15.1.0 and google-genai==1.12.0 was
      yanked, we can conclude that all of:
          google-genai>=1.0.0,<1.16.0
          google-genai>1.16.0,<1.48.0
      depend on websockets>=13.0,<15.1.0.
      And because we know from (1) that gradio>=4.0.0,<5.0.0, all versions of
      gradio-client, all of:
          websockets<10.0
          websockets>=13.0
       are incompatible, we can conclude that all of:
          google-genai>=1.0.0,<1.16.0
          google-genai>1.16.0,<1.48.0
       and gradio>=4.0.0,<5.0.0 are incompatible.
      And because google-genai==1.16.0 was yanked, we can conclude that
      google-genai>=1.0.0,<1.48.0 and gradio>=4.0.0,<5.0.0 are incompatible.
      (2)

      Because the current Python version (3.9.7) does not satisfy Python>=3.10
      and google-genai>=1.48.0 depends on Python>=3.10, we can conclude that
      google-genai>=1.48.0 cannot be used.
      And because we know from (2) that google-genai>=1.0.0,<1.48.0
      and gradio>=4.0.0,<5.0.0 are incompatible, we can conclude that
      google-genai>=1.0.0 and gradio>=4.0.0,<5.0.0 are incompatible. (3)

      Because the current Python version (3.9.7) does not satisfy Python>=3.10
      and gradio>=5.0.0 depends on Python>=3.10, we can conclude that
      gradio>=5.0.0 cannot be used.
      And because we know from (3) that google-genai>=1.0.0 and
      gradio>=4.0.0,<5.0.0 are incompatible, we can conclude that
      google-genai>=1.0.0 and gradio>=4.0.0 are incompatible.
      And because you require gradio>=4.0.0 and google-genai>=1.0.0, we can
      conclude that your requirements are unsatisfiable.

      hint: Pre-releases are available for `gradio` in the requested
      range (e.g., 6.0.0.dev5), but pre-releases weren't enabled (try:
      `--prerelease=allow`)
